// Jest Snapshot v1, https://goo.gl/fbAQLP

exports[`one page proceeds index.html 1`] = `"<html lang=\\"en\\"><head><meta charset=\\"utf-8\\"></head><body><script>document.body.appendChild(document.createTextNode(\\"test\\"));</script>test</body></html>"`;
